Release 14.7 - xst P.20131013 (nt64)
Copyright (c) 1995-2013 Xilinx, Inc.  All rights reserved.
--> Parameter TMPDIR set to xst/projnav.tmp


Total REAL time to Xst completion: 0.00 secs
Total CPU time to Xst completion: 0.25 secs
 
--> Parameter xsthdpdir set to xst


Total REAL time to Xst completion: 0.00 secs
Total CPU time to Xst completion: 0.26 secs
 
--> Reading design: keyboardcontrol.prj

TABLE OF CONTENTS
  1) Synthesis Options Summary
  2) HDL Parsing
  3) HDL Elaboration
  4) HDL Synthesis
       4.1) HDL Synthesis Report
  5) Advanced HDL Synthesis
       5.1) Advanced HDL Synthesis Report
  6) Low Level Synthesis
  7) Partition Report
  8) Design Summary
       8.1) Primitive and Black Box Usage
       8.2) Device utilization summary
       8.3) Partition Resource Summary
       8.4) Timing Report
            8.4.1) Clock Information
            8.4.2) Asynchronous Control Signals Information
            8.4.3) Timing Summary
            8.4.4) Timing Details
            8.4.5) Cross Clock Domains Report


=========================================================================
*                      Synthesis Options Summary                        *
=========================================================================
---- Source Parameters
Input File Name                    : "keyboardcontrol.prj"
Ignore Synthesis Constraint File   : NO

---- Target Parameters
Output File Name                   : "keyboardcontrol"
Output Format                      : NGC
Target Device                      : xc7a100t-3-csg324

---- Source Options
Top Module Name                    : keyboardcontrol
Automatic FSM Extraction           : YES
FSM Encoding Algorithm             : Auto
Safe Implementation                : No
FSM Style                          : LUT
RAM Extraction                     : Yes
RAM Style                          : Auto
ROM Extraction                     : Yes
Shift Register Extraction          : YES
ROM Style                          : Auto
Resource Sharing                   : YES
Asynchronous To Synchronous        : NO
Shift Register Minimum Size        : 2
Use DSP Block                      : Auto
Automatic Register Balancing       : No

---- Target Options
LUT Combining                      : Auto
Reduce Control Sets                : Auto
Add IO Buffers                     : YES
Global Maximum Fanout              : 100000
Add Generic Clock Buffer(BUFG)     : 32
Register Duplication               : YES
Optimize Instantiated Primitives   : NO
Use Clock Enable                   : Auto
Use Synchronous Set                : Auto
Use Synchronous Reset              : Auto
Pack IO Registers into IOBs        : Auto
Equivalent register Removal        : YES

---- General Options
Optimization Goal                  : Speed
Optimization Effort                : 1
Power Reduction                    : NO
Keep Hierarchy                     : No
Netlist Hierarchy                  : As_Optimized
RTL Output                         : Yes
Global Optimization                : AllClockNets
Read Cores                         : YES
Write Timing Constraints           : NO
Cross Clock Analysis               : NO
Hierarchy Separator                : /
Bus Delimiter                      : <>
Case Specifier                     : Maintain
Slice Utilization Ratio            : 100
BRAM Utilization Ratio             : 100
DSP48 Utilization Ratio            : 100
Auto BRAM Packing                  : NO
Slice Utilization Ratio Delta      : 5

---- Other Options
Cores Search Directories           : {"ipcore_dir"  }

=========================================================================


=========================================================================
*                          HDL Parsing                                  *
=========================================================================
Analyzing Verilog file "F:\study\Logic and Computer Design Fundamentals\final project\try\FLAPY_TRY\PS2Read.v" into library work
Parsing module <PS2Read>.
Analyzing Verilog file "F:\study\Logic and Computer Design Fundamentals\final project\try\FLAPY_TRY\keyboardcontrol.v" into library work
Parsing module <keyboardcontrol>.

=========================================================================
*                            HDL Elaboration                            *
=========================================================================

Elaborating module <keyboardcontrol>.

Elaborating module <PS2Read>.

=========================================================================
*                           HDL Synthesis                               *
=========================================================================

Synthesizing Unit <keyboardcontrol>.
    Related source file is "F:\study\Logic and Computer Design Fundamentals\final project\try\FLAPY_TRY\keyboardcontrol.v".
WARNING:Xst:647 - Input <reset> is never used. This port will be preserved and left unconnected if it belongs to a top-level block or it belongs to a sub-block and the hierarchy of this sub-block is preserved.
    Found 1-bit register for signal <btnup>.
    Summary:
	inferred   1 D-type flip-flop(s).
Unit <keyboardcontrol> synthesized.

Synthesizing Unit <PS2Read>.
    Related source file is "F:\study\Logic and Computer Design Fundamentals\final project\try\FLAPY_TRY\PS2Read.v".
    Found 8-bit register for signal <ps2d_filter>.
    Found 1-bit register for signal <PS2Cf>.
    Found 1-bit register for signal <PS2Df>.
    Found 11-bit register for signal <shift1>.
    Found 10-bit register for signal <shift2<10:1>>.
    Found 8-bit register for signal <ps2c_filter>.
    Summary:
	inferred  39 D-type flip-flop(s).
Unit <PS2Read> synthesized.

=========================================================================
HDL Synthesis Report

Macro Statistics
# Registers                                            : 7
 1-bit register                                        : 3
 10-bit register                                       : 1
 11-bit register                                       : 1
 8-bit register                                        : 2

=========================================================================

=========================================================================
*                       Advanced HDL Synthesis                          *
=========================================================================


=========================================================================
Advanced HDL Synthesis Report

Macro Statistics
# Registers                                            : 40
 Flip-Flops                                            : 40

=========================================================================

=========================================================================
*                         Low Level Synthesis                           *
=========================================================================

Optimizing unit <keyboardcontrol> ...

Optimizing unit <PS2Read> ...

Mapping all equations...
